[kotes.xyz/football/index.html]
[backblue.gif]
[fade.gif]
[index.html]
[kotes.xyz/wp-content/plugins/user-registration/assets/css/user-registrationc245.css]
[kotes.xyz/wp-content/plugins/user-registration/assets/css/user-registration-smallscreenc245.css]
[kotes.xyz/feed/index.html]
[kotes.xyz/comments/feed/index.html]
[kotes.xyz/wp-content/plugins/user-registration/assets/css/my-account-layoutc245.css]
[kotes.xyz/wp-content/plugins/user-registration/assets/css/sweetalert2/sweetalert2.min782a.css]
[c0.wp.com/c/5.3.3/wp-includes/css/dashicons.min.css]
[c0.wp.com/c/5.3.3/wp-includes/css/dist/block-library/style.min.css]
[c0.wp.com/p/woocommerce/3.9.2/packages/woocommerce-blocks/build/style.css]
[c0.wp.com/p/woocommerce/3.9.2/assets/css/woocommerce-layout.css]
[c0.wp.com/p/woocommerce/3.9.2/assets/css/woocommerce-smallscreen.css]
[c0.wp.com/p/woocommerce/3.9.2/assets/css/woocommerce.css]
[kotes.xyz/wp-content/plugins/advanced-woo-search/assets/css/common131f.css]
[kotes.xyz/wp-content/plugins/woocommerce-gateway-paypal-express-checkout/assets/css/wc-gateway-ppec-frontend1852.css]
[kotes.xyz/wp-content/plugins/yith-woocommerce-badges-management/assets/css/frontendbab4.css]
[kotes.xyz/wp-content/themes/hello-elementor/style.min3601.css]
[kotes.xyz/wp-content/themes/hello-elementor/theme.min3601.css]
[pro.fontawesome.com/releases/v5.12.1/css/all.css]
[kotes.xyz/wp-content/plugins/elementor/assets/lib/eicons/css/elementor-icons.min4c7e.css]
[kotes.xyz/wp-content/plugins/elementor/assets/lib/animations/animations.minc867.css]
[kotes.xyz/wp-content/plugins/elementor/assets/css/frontend.minc867.css]
[kotes.xyz/wp-content/plugins/powerpack-elements/assets/css/frontend34d4.css]
[kotes.xyz/wp-content/plugins/elementor-pro/assets/css/frontend.minab7d.css]
[kotes.xyz/wp-content/plugins/elementor/assets/lib/font-awesome/css/all.minc867.css]
[kotes.xyz/wp-content/plugins/elementor/assets/lib/font-awesome/css/v4-shims.minc867.css]
[kotes.xyz/wp-content/uploads/elementor/css/global2238.css]
[kotes.xyz/wp-content/uploads/elementor/css/post-4761b40c.css]
[pro.fontawesome.com/releases/v5.12.1/css/v4-shims.css]
[c0.wp.com/p/jetpack/8.2.3/css/jetpack.css]
[c0.wp.com/c/5.3.3/wp-includes/js/jquery/jquery.js]
[c0.wp.com/c/5.3.3/wp-includes/js/jquery/jquery-migrate.min.js]
[stats.wp.com/s-202023.js]
[kotes.xyz/wp-content/plugins/elementor/assets/lib/font-awesome/js/v4-shims.minc867.js]
[kotes.xyz/xmlrpc0db0.php]
[kotes.xyz/wp-includes/wlwmanifest.xml]
[kotes.xyz/wp-json/index.html]
[kotes.xyz/wp-json/oembed/1.0/embed6615.json]
[kotes.xyz/wp-json/oembed/1.0/embed7d1f]
[i0.wp.com/kotes.xyz/wp-content/uploads/2020/03/cropped-small-logo7398.png]
[i0.wp.com/kotes.xyz/wp-content/uploads/2020/03/cropped-small-logoff94.png]
[i0.wp.com/kotes.xyz/wp-content/uploads/2020/03/cropped-small-logofd20.png]
[c0.wp.com/p/jetpack/8.2.3/_inc/build/photon/photon.min.js]
[c0.wp.com/p/woocommerce/3.9.2/assets/js/jquery-blockui/jquery.blockUI.min.js]
[c0.wp.com/p/woocommerce/3.9.2/assets/js/frontend/add-to-cart.min.js]
[c0.wp.com/p/woocommerce/3.9.2/assets/js/js-cookie/js.cookie.min.js]
[c0.wp.com/p/woocommerce/3.9.2/assets/js/frontend/woocommerce.min.js]
[kotes.xyz/wp-content/plugins/advanced-woo-search/assets/js/common131f.js]
[c0.wp.com/p/woocommerce/3.9.2/assets/js/frontend/cart-fragments.min.js]
[c0.wp.com/p/jetpack/8.2.3/_inc/build/lazy-images/js/lazy-images.min.js]
[c0.wp.com/c/5.3.3/wp-includes/js/wp-embed.min.js]
[kotes.xyz/wp-content/plugins/elementor-pro/assets/lib/smartmenus/jquery.smartmenus.minf269.js]
[kotes.xyz/wp-content/plugins/elementor/assets/js/frontend-modules.minc867.js]
[kotes.xyz/wp-content/plugins/elementor-pro/assets/lib/sticky/jquery.sticky.minab7d.js]
[kotes.xyz/wp-content/plugins/elementor-pro/assets/js/frontend.minab7d.js]
[kotes.xyz/wp-content/plugins/elementor/assets/lib/dialog/dialog.minae9e.js]
[kotes.xyz/wp-content/plugins/elementor/assets/lib/waypoints/waypoints.min05da.js]
[c0.wp.com/c/5.3.3/wp-includes/js/jquery/ui/position.min.js]
[kotes.xyz/wp-content/plugins/elementor/assets/lib/share-link/share-link.minc867.js]
[kotes.xyz/wp-content/plugins/powerpack-elements/assets/js/pp-bg-effects8a54.js]
[kotes.xyz/wp-content/plugins/elementor/assets/lib/swiper/swiper.min48f5.js]
[kotes.xyz/wp-content/plugins/elementor/assets/js/frontend.minc867.js]
[kotes.xyz/football/index.html]
[kotes.xyz/wp-content/plugins/user-registration/assets/images/wpspin_light-2x.gif]
[kotes.xyz/wp-content/plugins/user-registration/assets/css/user-registrationc245.css]
[kotes.xyz/wp-content/plugins/user-registration/assets/css/user-registration-smallscreenc245.css]
[kotes.xyz/wp-content/plugins/user-registration/assets/css/my-account-layoutc245.css]
[kotes.xyz/wp-content/plugins/user-registration/assets/css/sweetalert2/sweetalert2.min782a.css]
[c0.wp.com/c/5.3.3/wp-includes/css/dashicons.min.css]
[c0.wp.com/c/5.3.3/wp-includes/css/dist/block-library/style.min.css]
[c0.wp.com/p/woocommerce/3.9.2/packages/woocommerce-blocks/build/style.css]
[c0.wp.com/p/woocommerce/3.9.2/assets/css/woocommerce-layout.css]
[c0.wp.com/p/woocommerce/3.9.2/assets/css/woocommerce-smallscreen.css]
[c0.wp.com/p/woocommerce/3.9.2/assets/css/woocommerce.css]
[kotes.xyz/wp-content/plugins/advanced-woo-search/assets/css/common131f.css]
[kotes.xyz/wp-content/plugins/woocommerce-gateway-paypal-express-checkout/assets/css/wc-gateway-ppec-frontend1852.css]
[kotes.xyz/wp-content/plugins/yith-woocommerce-badges-management/assets/css/frontendbab4.css]
[kotes.xyz/wp-content/themes/hello-elementor/style.min3601.css]
[kotes.xyz/wp-content/themes/hello-elementor/theme.min3601.css]
[pro.fontawesome.com/releases/v5.12.1/css/all.css]
[stats.wp.com/e-202023.js]
[kotes.xyz/wp-content/plugins/elementor/assets/lib/eicons/fonts/eicons2cbf.eot]
[kotes.xyz/wp-content/plugins/elementor/assets/lib/eicons/fonts/eicons2cbf.woff]
[kotes.xyz/wp-content/plugins/elementor/assets/lib/eicons/fonts/eicons2cbf.ttf]
[kotes.xyz/wp-content/plugins/elementor/assets/lib/eicons/css/elementor-icons.min4c7e.css]
[kotes.xyz/wp-content/plugins/elementor/assets/lib/animations/animations.minc867.css]
[kotes.xyz/wp-content/plugins/elementor/assets/css/frontend.minc867.css]
[kotes.xyz/wp-content/plugins/powerpack-elements/assets/css/frontend34d4.css]
[kotes.xyz/wp-content/plugins/elementor-pro/assets/css/frontend.minab7d.css]
[kotes.xyz/wp-content/plugins/elementor/assets/lib/font-awesome/webfonts/fa-brands-400.eot]
[kotes.xyz/wp-content/plugins/elementor/assets/lib/font-awesome/webfonts/fa-brands-400d41d.eot]
[kotes.xyz/wp-content/plugins/elementor/assets/lib/font-awesome/webfonts/fa-brands-400.woff]
[kotes.xyz/wp-content/plugins/elementor/assets/lib/font-awesome/webfonts/fa-brands-400.ttf]
[kotes.xyz/wp-content/plugins/elementor/assets/lib/font-awesome/webfonts/fa-regular-400.eot]
[kotes.xyz/wp-content/plugins/elementor/assets/lib/font-awesome/webfonts/fa-regular-400d41d.eot]
[kotes.xyz/wp-content/plugins/elementor/assets/lib/font-awesome/webfonts/fa-regular-400.woff]
[kotes.xyz/wp-content/plugins/elementor/assets/lib/font-awesome/webfonts/fa-regular-400.ttf]
[kotes.xyz/wp-content/plugins/elementor/assets/lib/font-awesome/webfonts/fa-solid-900.eot]
[kotes.xyz/wp-content/plugins/elementor/assets/lib/font-awesome/webfonts/fa-solid-900d41d.eot]
[kotes.xyz/wp-content/plugins/elementor/assets/lib/font-awesome/webfonts/fa-solid-900.woff]
[kotes.xyz/wp-content/plugins/elementor/assets/lib/font-awesome/webfonts/fa-solid-900.ttf]
[kotes.xyz/wp-content/plugins/elementor/assets/lib/font-awesome/css/all.minc867.css]
[kotes.xyz/wp-content/plugins/elementor/assets/lib/font-awesome/css/v4-shims.minc867.css]
[kotes.xyz/wp-content/uploads/elementor/css/global2238.css]
[kotes.xyz/wp-content/uploads/elementor/css/post-4761b40c.css]
[pro.fontawesome.com/releases/v5.12.1/css/v4-shims.css]
[c0.wp.com/p/jetpack/8.2.3/modules/carousel/images/arrows.png]
[c0.wp.com/p/jetpack/8.2.3/modules/carousel/images/arrows-2x.png]
[c0.wp.com/p/jetpack/8.2.3/modules/carousel/images/carousel-spritee4da.png]
[c0.wp.com/p/jetpack/8.2.3/modules/carousel/images/carousel-sprite-2xe4da.png]
[c0.wp.com/p/jetpack/8.2.3/modules/shortcodes/img/slideshow-controls.png]
[c0.wp.com/p/jetpack/8.2.3/modules/shortcodes/img/slideshow-controls-2x.png]
[c0.wp.com/p/jetpack/8.2.3/modules/shortcodes/images/slide-nav.png]
[c0.wp.com/p/jetpack/8.2.3/modules/shortcodes/images/expand.png]
[c0.wp.com/p/jetpack/8.2.3/modules/shortcodes/images/collapse.png]
[secure.gravatar.com/images/grav-share-sprite.png]
[c0.wp.com/p/jetpack/8.2.3/css/jetpack.css]
[kotes.xyz/index5c24.html]
[kotes.xyz/wp-content/plugins/elementor/assets/lib/eicons/fonts/eicons2cbf.html]
[kotes.xyz/wp-content/plugins/elementor/assets/lib/eicons/fonts/eicons2cbf.svg]
[kotes.xyz/wp-content/plugins/elementor/assets/lib/font-awesome/webfonts/fa-brands-400.html]
[kotes.xyz/wp-content/plugins/elementor/assets/lib/font-awesome/webfonts/fa-brands-400.svg]
[kotes.xyz/wp-content/plugins/elementor/assets/lib/font-awesome/webfonts/fa-regular-400.html]
[kotes.xyz/wp-content/plugins/elementor/assets/lib/font-awesome/webfonts/fa-regular-400.svg]
[kotes.xyz/wp-content/plugins/elementor/assets/lib/font-awesome/webfonts/fa-solid-900.html]
[kotes.xyz/wp-content/plugins/elementor/assets/lib/font-awesome/webfonts/fa-solid-900.svg]
